This file contains any messages produced by compilers while
running configure, to aid debugging if configure makes a mistake.

It was created by PCRE2 configure 10.46, which was
generated by GNU Autoconf 2.71.  Invocation command line was

  $ ./configure --prefix=/home/ganer/Projects/moon/Libraries/peggle3/build/pcre2-wasm/build --enable-pcre2-8 --disable-pcre2-16 --disable-pcre2-32 --disable-shared --disable-jit

## --------- ##
## Platform. ##
## --------- ##

hostname = GanerPC
uname -m = x86_64
uname -r = 7.0.12-artix1-1
uname -s = Linux
uname -v = #1 SMP PREEMPT_DYNAMIC Wed, 10 Jun 2026 16:57:23 +0000

/usr/bin/uname -p = unknown
/bin/uname -X     = unknown

/bin/arch              = unknown
/usr/bin/arch -k       = unknown
/usr/convex/getsysinfo = unknown
/usr/bin/hostinfo      = unknown
/bin/machine           = unknown
/usr/bin/oslevel       = unknown
/bin/universe          = unknown

PATH: /home/ganer/.cache/emscripten/sysroot/bin/
PATH: /usr/local/sbin/
PATH: /usr/local/bin/
PATH: /usr/bin/
PATH: /usr/lib/emscripten/
PATH: /usr/lib/jvm/default/bin/
PATH: /usr/bin/site_perl/
PATH: /usr/bin/vendor_perl/
PATH: /usr/bin/core_perl/
PATH: /usr/lib/rustup/bin/
PATH: /c/Scripts/Path/
PATH: /home/ganer/.local/bin/
PATH: /home/ganer/.local/share/cargo/bin/
PATH: /usr/bin/site_perl/
PATH: /usr/bin/vendor_perl/
PATH: /usr/bin/core_perl/
PATH: /c/Scripts/Path/
PATH: /c/Scripts/Path/
PATH: /c/Scripts/Path/
PATH: /home/ganer/.local/bin/
PATH: /home/ganer/.local/share/cargo/bin/
PATH: /usr/bin/site_perl/
PATH: /usr/bin/vendor_perl/
PATH: /usr/bin/core_perl/
PATH: /c/Scripts/Path/
PATH: /home/ganer/.local/bin/
PATH: /home/ganer/.local/share/cargo/bin/
PATH: /usr/bin/site_perl/
PATH: /usr/bin/vendor_perl/
PATH: /usr/bin/core_perl/


## ----------- ##
## Core tests. ##
## ----------- ##

configure:2681: looking for aux files: config.guess config.sub ltmain.sh ar-lib compile missing install-sh
configure:2694:  trying ./
configure:2723:   ./config.guess found
configure:2723:   ./config.sub found
configure:2723:   ./ltmain.sh found
configure:2723:   ./ar-lib found
configure:2723:   ./compile found
configure:2723:   ./missing found
configure:2705:   ./install-sh found
configure:2853: checking for a BSD-compatible install
configure:2926: result: /usr/bin/install -c
configure:2937: checking whether build environment is sane
configure:2992: result: yes
configure:3151: checking for a race-free mkdir -p
configure:3195: result: /usr/bin/mkdir -p
configure:3202: checking for gawk
configure:3223: found /usr/bin/gawk
configure:3234: result: gawk
configure:3245: checking whether make sets $(MAKE)
configure:3268: result: yes
configure:3298: checking whether make supports nested variables
configure:3316: result: yes
configure:3453: checking whether to enable maintainer-specific portions of Makefiles
configure:3463: result: no
configure:3488: checking whether make supports nested variables
configure:3506: result: yes
configure:3595: checking for gcc
configure:3627: result: /usr/lib/emscripten/emcc
configure:3980: checking for C compiler version
configure:3989: /usr/lib/emscripten/emcc --version >&5
emcc (Emscripten gcc/clang-like replacement + linker emulating GNU ld) 6.0.0-git (afa15e0c56d1292e073c2c91bafc1d5e0cdf0dd3)
Copyright (C) 2026 the Emscripten authors (see AUTHORS.txt)
This is free and open source software under the MIT license.
There is NO warranty; not even for MERCHANTABILITY or FITNESS FOR A PARTICULAR PURPOSE.

configure:4000: $? = 0
configure:3989: /usr/lib/emscripten/emcc -v >&5
emcc (Emscripten gcc/clang-like replacement + linker emulating GNU ld) 6.0.0-git (afa15e0c56d1292e073c2c91bafc1d5e0cdf0dd3)
clang version 23.0.0git (/srcdest/llvm-project c6c2ad52586c28e74a724570985a48dc0022d250)
Target: wasm32-unknown-emscripten
Thread model: posix
InstalledDir: /opt/emscripten-llvm/bin
configure:4000: $? = 0
configure:3989: /usr/lib/emscripten/emcc -V >&5
emcc: error: no input files
configure:4000: $? = 1
configure:3989: /usr/lib/emscripten/emcc -qversion >&5
emcc: error: no input files
configure:4000: $? = 1
configure:3989: /usr/lib/emscripten/emcc -version >&5
emcc: error: no input files
configure:4000: $? = 1
configure:4020: checking whether the C compiler works
configure:4042: /usr/lib/emscripten/emcc -fPIC   conftest.c  >&5
configure:4046: $? = 0
configure:4096: result: yes
configure:4099: checking for C compiler default output file name
configure:4101: result: a.out
configure:4107: checking for suffix of executables
configure:4114: /usr/lib/emscripten/emcc -o conftest -fPIC   conftest.c  >&5
configure:4118: $? = 0
configure:4141: result: 
configure:4163: checking whether we are cross compiling
configure:4171: /usr/lib/emscripten/emcc -o conftest -fPIC   conftest.c  >&5
configure:4175: $? = 0
configure:4182: ./conftest
configure:4186: $? = 0
configure:4201: result: no
configure:4206: checking for suffix of object files
configure:4229: /usr/lib/emscripten/emcc -c -fPIC  conftest.c >&5
configure:4233: $? = 0
configure:4255: result: o
configure:4259: checking whether the compiler supports GNU C
configure:4279: /usr/lib/emscripten/emcc -c -fPIC  conftest.c >&5
configure:4279: $? = 0
configure:4289: result: yes
configure:4300: checking whether /usr/lib/emscripten/emcc accepts -g
configure:4321: /usr/lib/emscripten/emcc -c -g  conftest.c >&5
configure:4321: $? = 0
configure:4365: result: yes
configure:4385: checking for /usr/lib/emscripten/emcc option to enable C11 features
configure:4400: /usr/lib/emscripten/emcc  -c -fPIC  conftest.c >&5
conftest.c:25:14: warning: a function definition without a prototype is deprecated in all versions of C and is not supported in C23 [-Wdeprecated-non-prototype]
   25 | static char *e (p, i)
      |              ^
1 warning generated.
configure:4400: $? = 0
configure:4418: result: none needed
configure:4534: checking whether /usr/lib/emscripten/emcc understands -c and -o together
configure:4557: /usr/lib/emscripten/emcc -c conftest.c -o conftest2.o
configure:4560: $? = 0
configure:4557: /usr/lib/emscripten/emcc -c conftest.c -o conftest2.o
configure:4560: $? = 0
configure:4572: result: yes
configure:4592: checking whether make supports the include directive
configure:4607: make -f confmf.GNU && cat confinc.out
this is the am__doit target
configure:4610: $? = 0
configure:4629: result: yes (GNU style)
configure:4655: checking dependency style of /usr/lib/emscripten/emcc
configure:4767: result: gcc3
configure:4788: checking for stdio.h
configure:4788: /usr/lib/emscripten/emcc -c -fPIC  conftest.c >&5
configure:4788: $? = 0
configure:4788: result: yes
configure:4788: checking for stdlib.h
configure:4788: /usr/lib/emscripten/emcc -c -fPIC  conftest.c >&5
configure:4788: $? = 0
configure:4788: result: yes
configure:4788: checking for string.h
configure:4788: /usr/lib/emscripten/emcc -c -fPIC  conftest.c >&5
configure:4788: $? = 0
configure:4788: result: yes
configure:4788: checking for inttypes.h
configure:4788: /usr/lib/emscripten/emcc -c -fPIC  conftest.c >&5
configure:4788: $? = 0
configure:4788: result: yes
configure:4788: checking for stdint.h
configure:4788: /usr/lib/emscripten/emcc -c -fPIC  conftest.c >&5
configure:4788: $? = 0
configure:4788: result: yes
configure:4788: checking for strings.h
configure:4788: /usr/lib/emscripten/emcc -c -fPIC  conftest.c >&5
configure:4788: $? = 0
configure:4788: result: yes
configure:4788: checking for sys/stat.h
configure:4788: /usr/lib/emscripten/emcc -c -fPIC  conftest.c >&5
configure:4788: $? = 0
configure:4788: result: yes
configure:4788: checking for sys/types.h
configure:4788: /usr/lib/emscripten/emcc -c -fPIC  conftest.c >&5
configure:4788: $? = 0
configure:4788: result: yes
configure:4788: checking for unistd.h
configure:4788: /usr/lib/emscripten/emcc -c -fPIC  conftest.c >&5
configure:4788: $? = 0
configure:4788: result: yes
configure:4788: checking for wchar.h
configure:4788: /usr/lib/emscripten/emcc -c -fPIC  conftest.c >&5
configure:4788: $? = 0
configure:4788: result: yes
configure:4788: checking for minix/config.h
configure:4788: /usr/lib/emscripten/emcc -c -fPIC  conftest.c >&5
conftest.c:49:10: fatal error: 'minix/config.h' file not found
   49 | #include <minix/config.h>
      |          ^~~~~~~~~~~~~~~~
1 error generated.
configure:4788: $? = 1
configure: failed program was:
| /* confdefs.h */
| #define PACKAGE_NAME "PCRE2"
| #define PACKAGE_TARNAME "pcre2"
| #define PACKAGE_VERSION "10.46"
| #define PACKAGE_STRING "PCRE2 10.46"
| #define PACKAGE_BUGREPORT ""
| #define PACKAGE_URL ""
| #define PACKAGE "pcre2"
| #define VERSION "10.46"
| #define HAVE_STDIO_H 1
| #define HAVE_STDLIB_H 1
| #define HAVE_STRING_H 1
| #define HAVE_INTTYPES_H 1
| #define HAVE_STDINT_H 1
| #define HAVE_STRINGS_H 1
| #define HAVE_SYS_STAT_H 1
| #define HAVE_SYS_TYPES_H 1
| #define HAVE_UNISTD_H 1
| #define HAVE_WCHAR_H 1
| /* end confdefs.h.  */
| #include <stddef.h>
| #ifdef HAVE_STDIO_H
| # include <stdio.h>
| #endif
| #ifdef HAVE_STDLIB_H
| # include <stdlib.h>
| #endif
| #ifdef HAVE_STRING_H
| # include <string.h>
| #endif
| #ifdef HAVE_INTTYPES_H
| # include <inttypes.h>
| #endif
| #ifdef HAVE_STDINT_H
| # include <stdint.h>
| #endif
| #ifdef HAVE_STRINGS_H
| # include <strings.h>
| #endif
| #ifdef HAVE_SYS_TYPES_H
| # include <sys/types.h>
| #endif
| #ifdef HAVE_SYS_STAT_H
| # include <sys/stat.h>
| #endif
| #ifdef HAVE_UNISTD_H
| # include <unistd.h>
| #endif
| #include <minix/config.h>
configure:4788: result: no
configure:4819: checking whether it is safe to define __EXTENSIONS__
configure:4838: /usr/lib/emscripten/emcc -c -fPIC  conftest.c >&5
configure:4838: $? = 0
configure:4846: result: yes
configure:4849: checking whether _XOPEN_SOURCE should be defined
configure:4871: /usr/lib/emscripten/emcc -c -fPIC  conftest.c >&5
configure:4871: $? = 0
configure:4898: result: no
configure:5080: checking the archiver (/usr/lib/emscripten/emar) interface
configure:5097: /usr/lib/emscripten/emcc -c -fPIC  conftest.c >&5
configure:5097: $? = 0
configure:5100: /usr/lib/emscripten/emar cru libconftest.a conftest.o >&5
configure:5103: $? = 0
configure:5131: result: ar
configure:5153: checking for int64_t
configure:5153: /usr/lib/emscripten/emcc -c -fPIC  conftest.c >&5
configure:5153: $? = 0
configure:5153: /usr/lib/emscripten/emcc -c -fPIC  conftest.c >&5
conftest.c:71:53: warning: overflow in expression; result is -9'223'372'036'854'775'808 with type 'int64_t' (aka 'long long') [-Winteger-overflow]
   71 |                  < (int64_t) (((((int64_t) 1 << N) << N) - 1) * 2 + 2))];
      |                               ~~~~~~~~~~~~~~~~~~~~~~~~~~~~~~~~~~~~^~~
conftest.c:70:24: warning: variable length array folded to constant array as an extension [-Wgnu-folding-constant]
   70 | static int test_array [1 - 2 * !((int64_t) (((((int64_t) 1 << N) << N) - 1) * 2 + 1)
      |                        ^~~~~~~~~~~~~~~~~~~~~~~~~~~~~~~~~~~~~~~~~~~~~~~~~~~~~~~~~~~~~
   71 |                  < (int64_t) (((((int64_t) 1 << N) << N) - 1) * 2 + 2))];
      |                  ~~~~~~~~~~~~~~~~~~~~~~~~~~~~~~~~~~~~~~~~~~~~~~~~~~~~~~
conftest.c:71:53: note: value 9223372036854775808 is outside the range of representable values of type 'int64_t' (aka 'long long')
   71 |                  < (int64_t) (((((int64_t) 1 << N) << N) - 1) * 2 + 2))];
      |                                                                   ^
conftest.c:70:24: error: 'test_array' declared as an array with a negative size
   70 | static int test_array [1 - 2 * !((int64_t) (((((int64_t) 1 << N) << N) - 1) * 2 + 1)
      |                        ^~~~~~~~~~~~~~~~~~~~~~~~~~~~~~~~~~~~~~~~~~~~~~~~~~~~~~~~~~~~~
   71 |                  < (int64_t) (((((int64_t) 1 << N) << N) - 1) * 2 + 2))];
      |                  ~~~~~~~~~~~~~~~~~~~~~~~~~~~~~~~~~~~~~~~~~~~~~~~~~~~~~~
2 warnings and 1 error generated.
configure:5153: $? = 1
configure: failed program was:
| /* confdefs.h */
| #define PACKAGE_NAME "PCRE2"
| #define PACKAGE_TARNAME "pcre2"
| #define PACKAGE_VERSION "10.46"
| #define PACKAGE_STRING "PCRE2 10.46"
| #define PACKAGE_BUGREPORT ""
| #define PACKAGE_URL ""
| #define PACKAGE "pcre2"
| #define VERSION "10.46"
| #define HAVE_STDIO_H 1
| #define HAVE_STDLIB_H 1
| #define HAVE_STRING_H 1
| #define HAVE_INTTYPES_H 1
| #define HAVE_STDINT_H 1
| #define HAVE_STRINGS_H 1
| #define HAVE_SYS_STAT_H 1
| #define HAVE_SYS_TYPES_H 1
| #define HAVE_UNISTD_H 1
| #define HAVE_WCHAR_H 1
| #define STDC_HEADERS 1
| #define _ALL_SOURCE 1
| #define _DARWIN_C_SOURCE 1
| #define _GNU_SOURCE 1
| #define _HPUX_ALT_XOPEN_SOCKET_API 1
| #define _NETBSD_SOURCE 1
| #define _OPENBSD_SOURCE 1
| #define _POSIX_PTHREAD_SEMANTICS 1
| #define __STDC_WANT_IEC_60559_ATTRIBS_EXT__ 1
| #define __STDC_WANT_IEC_60559_BFP_EXT__ 1
| #define __STDC_WANT_IEC_60559_DFP_EXT__ 1
| #define __STDC_WANT_IEC_60559_FUNCS_EXT__ 1
| #define __STDC_WANT_IEC_60559_TYPES_EXT__ 1
| #define __STDC_WANT_LIB_EXT2__ 1
| #define __STDC_WANT_MATH_SPEC_FUNCS__ 1
| #define _TANDEM_SOURCE 1
| #define __EXTENSIONS__ 1
| /* end confdefs.h.  */
| #include <stddef.h>
| #ifdef HAVE_STDIO_H
| # include <stdio.h>
| #endif
| #ifdef HAVE_STDLIB_H
| # include <stdlib.h>
| #endif
| #ifdef HAVE_STRING_H
| # include <string.h>
| #endif
| #ifdef HAVE_INTTYPES_H
| # include <inttypes.h>
| #endif
| #ifdef HAVE_STDINT_H
| # include <stdint.h>
| #endif
| #ifdef HAVE_STRINGS_H
| # include <strings.h>
| #endif
| #ifdef HAVE_SYS_TYPES_H
| # include <sys/types.h>
| #endif
| #ifdef HAVE_SYS_STAT_H
| # include <sys/stat.h>
| #endif
| #ifdef HAVE_UNISTD_H
| # include <unistd.h>
| #endif
| 	        enum { N = 64 / 2 - 1 };
| int
| main (void)
| {
| static int test_array [1 - 2 * !((int64_t) (((((int64_t) 1 << N) << N) - 1) * 2 + 1)
| 		 < (int64_t) (((((int64_t) 1 << N) << N) - 1) * 2 + 2))];
| test_array [0] = 0;
| return test_array [0];
| 
|   ;
|   return 0;
| }
configure:5153: result: yes
configure:5196: checking build system type
configure:5211: result: x86_64-pc-linux-gnu
configure:5231: checking host system type
configure:5245: result: x86_64-pc-linux-gnu
configure:5286: checking how to print strings
configure:5313: result: printf
configure:5334: checking for a sed that does not truncate output
configure:5404: result: /usr/bin/sed
configure:5422: checking for grep that handles long lines and -e
configure:5486: result: /usr/bin/grep
configure:5491: checking for egrep
configure:5559: result: /usr/bin/grep -E
configure:5564: checking for fgrep
configure:5632: result: /usr/bin/grep -F
configure:5668: checking for ld used by /usr/lib/emscripten/emcc
emcc: error: no input files
configure:5736: result: /usr/lib/emscripten/emcc
configure:5743: checking if the linker (/usr/lib/emscripten/emcc) is GNU ld
configure:5759: result: yes
configure:5771: checking for BSD- or MS-compatible name lister (nm)
configure:5826: result: /opt/emscripten-llvm/bin/llvm-nm
configure:5966: checking the name lister (/opt/emscripten-llvm/bin/llvm-nm) interface
configure:5974: /usr/lib/emscripten/emcc -c -fPIC  conftest.c >&5
configure:5977: /opt/emscripten-llvm/bin/llvm-nm "conftest.o"
configure:5980: output
00000000 D some_variable
configure:5987: result: BSD nm
configure:5990: checking whether ln -s works
configure:5994: result: yes
configure:6002: checking the maximum length of command line arguments
configure:6134: result: 1572864
configure:6182: checking how to convert x86_64-pc-linux-gnu file names to x86_64-pc-linux-gnu format
configure:6223: result: func_convert_file_noop
configure:6230: checking how to convert x86_64-pc-linux-gnu file names to toolchain format
configure:6251: result: func_convert_file_noop
configure:6258: checking for /usr/lib/emscripten/emcc option to reload object files
configure:6266: result: -r
configure:6345: checking for file
configure:6366: found /usr/bin/file
configure:6377: result: file
configure:6453: checking for objdump
configure:6474: found /usr/bin/objdump
configure:6485: result: objdump
configure:6514: checking how to recognize dependent libraries
configure:6715: result: pass_all
configure:6805: checking for dlltool
configure:6840: result: no
configure:6867: checking how to associate runtime and link libraries
configure:6895: result: printf %s\n
configure:7045: checking for archiver @FILE support
configure:7063: /usr/lib/emscripten/emcc -c -fPIC  conftest.c >&5
configure:7063: $? = 0
configure:7067: /usr/lib/emscripten/emar cr libconftest.a @conftest.lst >&5
configure:7070: $? = 0
configure:7075: /usr/lib/emscripten/emar cr libconftest.a @conftest.lst >&5
/opt/emscripten-llvm/bin/llvm-ar: error: conftest.o: No such file or directory
configure:7078: $? = 1
configure:7090: result: @
configure:7153: checking for strip
configure:7174: found /usr/bin/strip
configure:7185: result: strip
configure:7262: checking for ranlib
configure:7294: result: /usr/lib/emscripten/emranlib
configure:7396: checking command to parse /opt/emscripten-llvm/bin/llvm-nm output from /usr/lib/emscripten/emcc object
configure:7550: /usr/lib/emscripten/emcc -c -fPIC  conftest.c >&5
configure:7553: $? = 0
configure:7557: /opt/emscripten-llvm/bin/llvm-nm conftest.o | /usr/bin/sed -n -e 's/^.*[	 ]\([ABCDGIRSTW][ABCDGIRSTW]*\)[	 ][	 ]*\([_A-Za-z][_A-Za-z0-9]*\)$/\1 \2 \2/p' | /usr/bin/sed '/ __gnu_lto/d' > conftest.nm
configure:7623: /usr/lib/emscripten/emcc -o conftest -fPIC   conftest.c conftstm.o >&5
configure:7626: $? = 0
configure:7664: result: ok
configure:7711: checking for sysroot
configure:7742: result: no
configure:7749: checking for a working dd
configure:7793: result: /usr/bin/dd
configure:7797: checking how to truncate binary pipes
configure:7813: result: /usr/bin/dd bs=4096 count=1
configure:7950: /usr/lib/emscripten/emcc -c -fPIC  conftest.c >&5
configure:7953: $? = 0
configure:8150: checking for mt
configure:8185: result: no
configure:8205: checking if : is a manifest tool
configure:8212: : '-?'
configure:8220: result: no
configure:8941: checking for dlfcn.h
configure:8941: /usr/lib/emscripten/emcc -c -fPIC  conftest.c >&5
configure:8941: $? = 0
configure:8941: result: yes
configure:9528: checking for objdir
configure:9544: result: .libs
configure:9808: checking if /usr/lib/emscripten/emcc supports -fno-rtti -fno-exceptions
configure:9827: /usr/lib/emscripten/emcc -c -fPIC  -fno-rtti -fno-exceptions conftest.c >&5
configure:9831: $? = 0
configure:9844: result: yes
configure:10208: checking for /usr/lib/emscripten/emcc option to produce PIC
configure:10216: result: -fPIC -DPIC
configure:10224: checking if /usr/lib/emscripten/emcc PIC flag -fPIC -DPIC works
configure:10243: /usr/lib/emscripten/emcc -c -fPIC  -fPIC -DPIC -DPIC conftest.c >&5
configure:10247: $? = 0
configure:10260: result: yes
configure:10289: checking if /usr/lib/emscripten/emcc static flag -static works
configure:10318: result: yes
configure:10333: checking if /usr/lib/emscripten/emcc supports -c -o file.o
configure:10355: /usr/lib/emscripten/emcc -c -fPIC  -o out/conftest2.o conftest.c >&5
configure:10359: $? = 0
configure:10381: result: yes
configure:10389: checking if /usr/lib/emscripten/emcc supports -c -o file.o
configure:10437: result: yes
configure:10470: checking whether the /usr/lib/emscripten/emcc linker (/usr/lib/emscripten/emcc) supports shared libraries
configure:11744: result: yes
configure:11985: checking dynamic linker characteristics
configure:12567: /usr/lib/emscripten/emcc -o conftest -fPIC   -Wl,-rpath -Wl,/foo conftest.c  >&5
configure:12567: $? = 0
configure:12818: result: GNU/Linux ld.so
configure:12940: checking how to hardcode library paths into programs
configure:12965: result: immediate
configure:13517: checking whether stripping libraries is possible
configure:13526: result: yes
configure:13568: checking if libtool supports shared libraries
configure:13570: result: yes
configure:13573: checking whether to build shared libraries
configure:13598: result: no
configure:13601: checking whether to build static libraries
configure:13605: result: yes
configure:13642: checking whether ln -s works
configure:13646: result: yes
configure:13662: checking for special C compiler options needed for large files
configure:13710: result: no
configure:13716: checking for _FILE_OFFSET_BITS value needed for large files
configure:13742: /usr/lib/emscripten/emcc -c -fPIC  conftest.c >&5
configure:13742: $? = 0
configure:13776: result: no
configure:13865: checking whether the -Werror option is usable
configure:13886: /usr/lib/emscripten/emcc -c -fPIC -Werror  conftest.c >&5
configure:13886: $? = 0
configure:13900: /usr/lib/emscripten/emcc -c -fPIC -Werror  conftest.c >&5
conftest.c:44:3: error: e [-Werror,-W#warnings]
   44 |  #warning e
      |   ^
1 error generated.
configure:13900: $? = 1
configure: failed program was:
| /* confdefs.h */
| #define PACKAGE_NAME "PCRE2"
| #define PACKAGE_TARNAME "pcre2"
| #define PACKAGE_VERSION "10.46"
| #define PACKAGE_STRING "PCRE2 10.46"
| #define PACKAGE_BUGREPORT ""
| #define PACKAGE_URL ""
| #define PACKAGE "pcre2"
| #define VERSION "10.46"
| #define HAVE_STDIO_H 1
| #define HAVE_STDLIB_H 1
| #define HAVE_STRING_H 1
| #define HAVE_INTTYPES_H 1
| #define HAVE_STDINT_H 1
| #define HAVE_STRINGS_H 1
| #define HAVE_SYS_STAT_H 1
| #define HAVE_SYS_TYPES_H 1
| #define HAVE_UNISTD_H 1
| #define HAVE_WCHAR_H 1
| #define STDC_HEADERS 1
| #define _ALL_SOURCE 1
| #define _DARWIN_C_SOURCE 1
| #define _GNU_SOURCE 1
| #define _HPUX_ALT_XOPEN_SOCKET_API 1
| #define _NETBSD_SOURCE 1
| #define _OPENBSD_SOURCE 1
| #define _POSIX_PTHREAD_SEMANTICS 1
| #define __STDC_WANT_IEC_60559_ATTRIBS_EXT__ 1
| #define __STDC_WANT_IEC_60559_BFP_EXT__ 1
| #define __STDC_WANT_IEC_60559_DFP_EXT__ 1
| #define __STDC_WANT_IEC_60559_FUNCS_EXT__ 1
| #define __STDC_WANT_IEC_60559_TYPES_EXT__ 1
| #define __STDC_WANT_LIB_EXT2__ 1
| #define __STDC_WANT_MATH_SPEC_FUNCS__ 1
| #define _TANDEM_SOURCE 1
| #define __EXTENSIONS__ 1
| #define HAVE_DLFCN_H 1
| #define LT_OBJDIR ".libs/"
| /* end confdefs.h.  */
| 
| int
| main (void)
| {
|  #warning e
|   ;
|   return 0;
| }
configure:13914: result: yes
configure:13923: checking for GCC compatible visibility declarations
configure:13946: /usr/lib/emscripten/emcc -c -fPIC -Werror -fvisibility=hidden  conftest.c >&5
configure:13946: $? = 0
configure:13956: result: yes
configure:13980: checking for __attribute__((uninitialized))
configure:14003: /usr/lib/emscripten/emcc -c -fPIC -Werror  conftest.c >&5
configure:14003: $? = 0
configure:14010: result: yes
configure:14027: checking for __assume()
configure:14046: /usr/lib/emscripten/emcc -o conftest -fPIC   conftest.c  >&5
conftest.c:47:1: error: call to undeclared function '__assume'; ISO C99 and later do not support implicit function declarations [-Wimplicit-function-declaration]
   47 | __assume(1)
      | ^
1 error generated.
emcc: error: '/opt/emscripten-llvm/bin/clang -target wasm32-unknown-emscripten -fignore-exceptions -fvisibility=default -mllvm -combiner-global-alias-analysis=false -mllvm -enable-emscripten-sjlj -mllvm -disable-lsr --sysroot=/home/ganer/.cache/emscripten/sysroot -Xclang -iwithsysroot/include/fakesdl -Xclang -iwithsysroot/include/compat -fPIC -c conftest.c -o /tmp/emscripten_temp_eckvc2jy/conftest.o' failed (returned 1)
configure:14046: $? = 1
configure: failed program was:
| /* confdefs.h */
| #define PACKAGE_NAME "PCRE2"
| #define PACKAGE_TARNAME "pcre2"
| #define PACKAGE_VERSION "10.46"
| #define PACKAGE_STRING "PCRE2 10.46"
| #define PACKAGE_BUGREPORT ""
| #define PACKAGE_URL ""
| #define PACKAGE "pcre2"
| #define VERSION "10.46"
| #define HAVE_STDIO_H 1
| #define HAVE_STDLIB_H 1
| #define HAVE_STRING_H 1
| #define HAVE_INTTYPES_H 1
| #define HAVE_STDINT_H 1
| #define HAVE_STRINGS_H 1
| #define HAVE_SYS_STAT_H 1
| #define HAVE_SYS_TYPES_H 1
| #define HAVE_UNISTD_H 1
| #define HAVE_WCHAR_H 1
| #define STDC_HEADERS 1
| #define _ALL_SOURCE 1
| #define _DARWIN_C_SOURCE 1
| #define _GNU_SOURCE 1
| #define _HPUX_ALT_XOPEN_SOCKET_API 1
| #define _NETBSD_SOURCE 1
| #define _OPENBSD_SOURCE 1
| #define _POSIX_PTHREAD_SEMANTICS 1
| #define __STDC_WANT_IEC_60559_ATTRIBS_EXT__ 1
| #define __STDC_WANT_IEC_60559_BFP_EXT__ 1
| #define __STDC_WANT_IEC_60559_DFP_EXT__ 1
| #define __STDC_WANT_IEC_60559_FUNCS_EXT__ 1
| #define __STDC_WANT_IEC_60559_TYPES_EXT__ 1
| #define __STDC_WANT_LIB_EXT2__ 1
| #define __STDC_WANT_MATH_SPEC_FUNCS__ 1
| #define _TANDEM_SOURCE 1
| #define __EXTENSIONS__ 1
| #define HAVE_DLFCN_H 1
| #define LT_OBJDIR ".libs/"
| #define PCRE2_EXPORT __attribute__ ((visibility ("default")))
| #define HAVE_VISIBILITY 1
| #define HAVE_ATTRIBUTE_UNINITIALIZED 1
| /* end confdefs.h.  */
| 
| int
| main (void)
| {
| __assume(1)
|   ;
|   return 0;
| }
configure:14054: result: no
configure:14070: checking for __builtin_mul_overflow()
configure:14097: /usr/lib/emscripten/emcc -o conftest -fPIC   conftest.c  >&5
configure:14097: $? = 0
configure:14105: result: yes
configure:14121: checking for __builtin_unreachable()
configure:14140: /usr/lib/emscripten/emcc -o conftest -fPIC   conftest.c  >&5
configure:14140: $? = 0
configure:14148: result: yes
configure:14741: checking for assert.h
configure:14741: /usr/lib/emscripten/emcc -c -fPIC  conftest.c >&5
configure:14741: $? = 0
configure:14741: result: yes
configure:14747: checking for limits.h
configure:14747: /usr/lib/emscripten/emcc -c -fPIC  conftest.c >&5
configure:14747: $? = 0
configure:14747: result: yes
configure:14753: checking for sys/types.h
configure:14753: result: yes
configure:14759: checking for sys/stat.h
configure:14759: result: yes
configure:14765: checking for dirent.h
configure:14765: /usr/lib/emscripten/emcc -c -fPIC  conftest.c >&5
configure:14765: $? = 0
configure:14765: result: yes
configure:14774: checking for windows.h
configure:14774: /usr/lib/emscripten/emcc -c -fPIC  conftest.c >&5
conftest.c:78:10: fatal error: 'windows.h' file not found
   78 | #include <windows.h>
      |          ^~~~~~~~~~~
1 error generated.
configure:14774: $? = 1
configure: failed program was:
| /* confdefs.h */
| #define PACKAGE_NAME "PCRE2"
| #define PACKAGE_TARNAME "pcre2"
| #define PACKAGE_VERSION "10.46"
| #define PACKAGE_STRING "PCRE2 10.46"
| #define PACKAGE_BUGREPORT ""
| #define PACKAGE_URL ""
| #define PACKAGE "pcre2"
| #define VERSION "10.46"
| #define HAVE_STDIO_H 1
| #define HAVE_STDLIB_H 1
| #define HAVE_STRING_H 1
| #define HAVE_INTTYPES_H 1
| #define HAVE_STDINT_H 1
| #define HAVE_STRINGS_H 1
| #define HAVE_SYS_STAT_H 1
| #define HAVE_SYS_TYPES_H 1
| #define HAVE_UNISTD_H 1
| #define HAVE_WCHAR_H 1
| #define STDC_HEADERS 1
| #define _ALL_SOURCE 1
| #define _DARWIN_C_SOURCE 1
| #define _GNU_SOURCE 1
| #define _HPUX_ALT_XOPEN_SOCKET_API 1
| #define _NETBSD_SOURCE 1
| #define _OPENBSD_SOURCE 1
| #define _POSIX_PTHREAD_SEMANTICS 1
| #define __STDC_WANT_IEC_60559_ATTRIBS_EXT__ 1
| #define __STDC_WANT_IEC_60559_BFP_EXT__ 1
| #define __STDC_WANT_IEC_60559_DFP_EXT__ 1
| #define __STDC_WANT_IEC_60559_FUNCS_EXT__ 1
| #define __STDC_WANT_IEC_60559_TYPES_EXT__ 1
| #define __STDC_WANT_LIB_EXT2__ 1
| #define __STDC_WANT_MATH_SPEC_FUNCS__ 1
| #define _TANDEM_SOURCE 1
| #define __EXTENSIONS__ 1
| #define HAVE_DLFCN_H 1
| #define LT_OBJDIR ".libs/"
| #define PCRE2_EXPORT __attribute__ ((visibility ("default")))
| #define HAVE_VISIBILITY 1
| #define HAVE_ATTRIBUTE_UNINITIALIZED 1
| #define HAVE_BUILTIN_MUL_OVERFLOW 1
| #define HAVE_BUILTIN_UNREACHABLE 1
| #define HAVE_ASSERT_H 1
| #define HAVE_LIMITS_H 1
| #define HAVE_SYS_TYPES_H 1
| #define HAVE_SYS_STAT_H 1
| #define HAVE_DIRENT_H 1
| /* end confdefs.h.  */
| #include <stddef.h>
| #ifdef HAVE_STDIO_H
| # include <stdio.h>
| #endif
| #ifdef HAVE_STDLIB_H
| # include <stdlib.h>
| #endif
| #ifdef HAVE_STRING_H
| # include <string.h>
| #endif
| #ifdef HAVE_INTTYPES_H
| # include <inttypes.h>
| #endif
| #ifdef HAVE_STDINT_H
| # include <stdint.h>
| #endif
| #ifdef HAVE_STRINGS_H
| # include <strings.h>
| #endif
| #ifdef HAVE_SYS_TYPES_H
| # include <sys/types.h>
| #endif
| #ifdef HAVE_SYS_STAT_H
| # include <sys/stat.h>
| #endif
| #ifdef HAVE_UNISTD_H
| # include <unistd.h>
| #endif
| #include <windows.h>
configure:14774: result: no
configure:14784: checking for sys/wait.h
configure:14784: /usr/lib/emscripten/emcc -c -fPIC  conftest.c >&5
configure:14784: $? = 0
configure:14784: result: yes
configure:14888: checking for an ANSI C-conforming const
configure:14955: /usr/lib/emscripten/emcc -c -fPIC  conftest.c >&5
configure:14955: $? = 0
configure:14963: result: yes
configure:14971: checking for size_t
configure:14971: /usr/lib/emscripten/emcc -c -fPIC  conftest.c >&5
configure:14971: $? = 0
configure:14971: /usr/lib/emscripten/emcc -c -fPIC  conftest.c >&5
conftest.c:82:21: error: expected expression
   82 | if (sizeof ((size_t)))
      |                     ^
1 error generated.
configure:14971: $? = 1
configure: failed program was:
| /* confdefs.h */
| #define PACKAGE_NAME "PCRE2"
| #define PACKAGE_TARNAME "pcre2"
| #define PACKAGE_VERSION "10.46"
| #define PACKAGE_STRING "PCRE2 10.46"
| #define PACKAGE_BUGREPORT ""
| #define PACKAGE_URL ""
| #define PACKAGE "pcre2"
| #define VERSION "10.46"
| #define HAVE_STDIO_H 1
| #define HAVE_STDLIB_H 1
| #define HAVE_STRING_H 1
| #define HAVE_INTTYPES_H 1
| #define HAVE_STDINT_H 1
| #define HAVE_STRINGS_H 1
| #define HAVE_SYS_STAT_H 1
| #define HAVE_SYS_TYPES_H 1
| #define HAVE_UNISTD_H 1
| #define HAVE_WCHAR_H 1
| #define STDC_HEADERS 1
| #define _ALL_SOURCE 1
| #define _DARWIN_C_SOURCE 1
| #define _GNU_SOURCE 1
| #define _HPUX_ALT_XOPEN_SOCKET_API 1
| #define _NETBSD_SOURCE 1
| #define _OPENBSD_SOURCE 1
| #define _POSIX_PTHREAD_SEMANTICS 1
| #define __STDC_WANT_IEC_60559_ATTRIBS_EXT__ 1
| #define __STDC_WANT_IEC_60559_BFP_EXT__ 1
| #define __STDC_WANT_IEC_60559_DFP_EXT__ 1
| #define __STDC_WANT_IEC_60559_FUNCS_EXT__ 1
| #define __STDC_WANT_IEC_60559_TYPES_EXT__ 1
| #define __STDC_WANT_LIB_EXT2__ 1
| #define __STDC_WANT_MATH_SPEC_FUNCS__ 1
| #define _TANDEM_SOURCE 1
| #define __EXTENSIONS__ 1
| #define HAVE_DLFCN_H 1
| #define LT_OBJDIR ".libs/"
| #define PCRE2_EXPORT __attribute__ ((visibility ("default")))
| #define HAVE_VISIBILITY 1
| #define HAVE_ATTRIBUTE_UNINITIALIZED 1
| #define HAVE_BUILTIN_MUL_OVERFLOW 1
| #define HAVE_BUILTIN_UNREACHABLE 1
| #define HAVE_ASSERT_H 1
| #define HAVE_LIMITS_H 1
| #define HAVE_SYS_TYPES_H 1
| #define HAVE_SYS_STAT_H 1
| #define HAVE_DIRENT_H 1
| #define HAVE_SYS_WAIT_H 1
| /* end confdefs.h.  */
| #include <stddef.h>
| #ifdef HAVE_STDIO_H
| # include <stdio.h>
| #endif
| #ifdef HAVE_STDLIB_H
| # include <stdlib.h>
| #endif
| #ifdef HAVE_STRING_H
| # include <string.h>
| #endif
| #ifdef HAVE_INTTYPES_H
| # include <inttypes.h>
| #endif
| #ifdef HAVE_STDINT_H
| # include <stdint.h>
| #endif
| #ifdef HAVE_STRINGS_H
| # include <strings.h>
| #endif
| #ifdef HAVE_SYS_TYPES_H
| # include <sys/types.h>
| #endif
| #ifdef HAVE_SYS_STAT_H
| # include <sys/stat.h>
| #endif
| #ifdef HAVE_UNISTD_H
| # include <unistd.h>
| #endif
| int
| main (void)
| {
| if (sizeof ((size_t)))
| 	    return 0;
|   ;
|   return 0;
| }
configure:14971: result: yes
configure:14984: checking for bcopy
configure:14984: /usr/lib/emscripten/emcc -o conftest -fPIC   conftest.c  >&5
conftest.c:67:6: warning: incompatible redeclaration of library function 'bcopy' [-Wincompatible-library-redeclaration]
   67 | char bcopy ();
      |      ^
conftest.c:67:6: note: 'bcopy' is a builtin with type 'void (const void *, void *, __size_t)' (aka 'void (const void *, void *, unsigned long)')
1 warning generated.
wasm-ld: warning: function signature mismatch: bcopy
>>> defined as () -> i32 in /tmp/emscripten_temp_oz338_l8/conftest.o
>>> defined as (i32, i32, i32) -> void in /home/ganer/.cache/emscripten/sysroot/lib/wasm32-emscripten/libc-debug.a(bcopy.o)
configure:14984: $? = 0
configure:14984: result: yes
configure:14990: checking for memfd_create
configure:14990: /usr/lib/emscripten/emcc -o conftest -fPIC   conftest.c  >&5
wasm-ld: error: /tmp/emscripten_temp_p2leblv9/conftest.o: undefined symbol: memfd_create
emcc: error: '/opt/emscripten-llvm/bin/wasm-ld -o conftest.wasm /tmp/tmpf5xunjjtlibemscripten_js_symbols.so -Bstatic --strip-debug --export=emscripten_stack_get_end --export=emscripten_stack_get_free --export=emscripten_stack_get_base --export=emscripten_stack_get_current --export=emscripten_stack_init --export=_emscripten_stack_alloc --export=__funcs_on_exit --export=__wasm_call_ctors --export=_emscripten_stack_restore --export-if-defined=__start_em_asm --export-if-defined=__stop_em_asm --export-if-defined=__start_em_lib_deps --export-if-defined=__stop_em_lib_deps --export-if-defined=__start_em_js --export-if-defined=__stop_em_js --export-if-defined=main --export-if-defined=__main_argc_argv --export-if-defined=fflush --export-table -z stack-size=65536 --no-growable-memory --initial-heap=16777216 --no-entry --stack-first --table-base=1 /tmp/emscripten_temp_p2leblv9/conftest.o -L/home/ganer/.cache/emscripten/sysroot/lib/wasm32-emscripten -L/usr/lib/emscripten/src/lib -lGL-getprocaddr -lal -lhtml5 -lstubs-debug -lc-debug -ldlmalloc-debug -lcompiler_rt -lc++-debug-noexcept -lc++abi-debug-noexcept -lsockets -mllvm -combiner-global-alias-analysis=false -mllvm -enable-emscripten-sjlj -mllvm -disable-lsr' failed (returned 1)
configure:14990: $? = 1
configure: failed program was:
| /* confdefs.h */
| #define PACKAGE_NAME "PCRE2"
| #define PACKAGE_TARNAME "pcre2"
| #define PACKAGE_VERSION "10.46"
| #define PACKAGE_STRING "PCRE2 10.46"
| #define PACKAGE_BUGREPORT ""
| #define PACKAGE_URL ""
| #define PACKAGE "pcre2"
| #define VERSION "10.46"
| #define HAVE_STDIO_H 1
| #define HAVE_STDLIB_H 1
| #define HAVE_STRING_H 1
| #define HAVE_INTTYPES_H 1
| #define HAVE_STDINT_H 1
| #define HAVE_STRINGS_H 1
| #define HAVE_SYS_STAT_H 1
| #define HAVE_SYS_TYPES_H 1
| #define HAVE_UNISTD_H 1
| #define HAVE_WCHAR_H 1
| #define STDC_HEADERS 1
| #define _ALL_SOURCE 1
| #define _DARWIN_C_SOURCE 1
| #define _GNU_SOURCE 1
| #define _HPUX_ALT_XOPEN_SOCKET_API 1
| #define _NETBSD_SOURCE 1
| #define _OPENBSD_SOURCE 1
| #define _POSIX_PTHREAD_SEMANTICS 1
| #define __STDC_WANT_IEC_60559_ATTRIBS_EXT__ 1
| #define __STDC_WANT_IEC_60559_BFP_EXT__ 1
| #define __STDC_WANT_IEC_60559_DFP_EXT__ 1
| #define __STDC_WANT_IEC_60559_FUNCS_EXT__ 1
| #define __STDC_WANT_IEC_60559_TYPES_EXT__ 1
| #define __STDC_WANT_LIB_EXT2__ 1
| #define __STDC_WANT_MATH_SPEC_FUNCS__ 1
| #define _TANDEM_SOURCE 1
| #define __EXTENSIONS__ 1
| #define HAVE_DLFCN_H 1
| #define LT_OBJDIR ".libs/"
| #define PCRE2_EXPORT __attribute__ ((visibility ("default")))
| #define HAVE_VISIBILITY 1
| #define HAVE_ATTRIBUTE_UNINITIALIZED 1
| #define HAVE_BUILTIN_MUL_OVERFLOW 1
| #define HAVE_BUILTIN_UNREACHABLE 1
| #define HAVE_ASSERT_H 1
| #define HAVE_LIMITS_H 1
| #define HAVE_SYS_TYPES_H 1
| #define HAVE_SYS_STAT_H 1
| #define HAVE_DIRENT_H 1
| #define HAVE_SYS_WAIT_H 1
| #define HAVE_BCOPY 1
| /* end confdefs.h.  */
| /* Define memfd_create to an innocuous variant, in case <limits.h> declares memfd_create.
|    For example, HP-UX 11i <limits.h> declares gettimeofday.  */
| #define memfd_create innocuous_memfd_create
| 
| /* System header to define __stub macros and hopefully few prototypes,
|    which can conflict with char memfd_create (); below.  */
| 
| #include <limits.h>
| #undef memfd_create
| 
| /* Override any GCC internal prototype to avoid an error.
|    Use char because int might match the return type of a GCC
|    builtin and then its argument prototype would still apply.  */
| #ifdef __cplusplus
| extern "C"
| #endif
| char memfd_create ();
| /* The GNU C library defines this for functions which it implements
|     to always fail with ENOSYS.  Some functions are actually named
|     something starting with __ and the normal name is an alias.  */
| #if defined __stub_memfd_create || defined __stub___memfd_create
| choke me
| #endif
| 
| int
| main (void)
| {
| return memfd_create ();
|   ;
|   return 0;
| }
configure:14990: result: no
configure:14996: checking for memmove
configure:14996: /usr/lib/emscripten/emcc -o conftest -fPIC   conftest.c  >&5
conftest.c:68:6: warning: incompatible redeclaration of library function 'memmove' [-Wincompatible-library-redeclaration]
   68 | char memmove ();
      |      ^
conftest.c:68:6: note: 'memmove' is a builtin with type 'void *(void *, const void *, __size_t)' (aka 'void *(void *, const void *, unsigned long)')
1 warning generated.
wasm-ld: warning: function signature mismatch: memmove
>>> defined as () -> i32 in /tmp/emscripten_temp_zsgcgxx6/conftest.o
>>> defined as (i32, i32, i32) -> i32 in /home/ganer/.cache/emscripten/sysroot/lib/wasm32-emscripten/libc-debug.a(emscripten_memmove.o)
configure:14996: $? = 0
configure:14996: result: yes
configure:15002: checking for mkostemp
configure:15002: /usr/lib/emscripten/emcc -o conftest -fPIC   conftest.c  >&5
wasm-ld: warning: function signature mismatch: mkostemp
>>> defined as () -> i32 in /tmp/emscripten_temp_kkoj7boe/conftest.o
>>> defined as (i32, i32) -> i32 in /home/ganer/.cache/emscripten/sysroot/lib/wasm32-emscripten/libc-debug.a(mkostemp.o)
configure:15002: $? = 0
configure:15002: result: yes
configure:15008: checking for secure_getenv
configure:15008: /usr/lib/emscripten/emcc -o conftest -fPIC   conftest.c  >&5
wasm-ld: warning: function signature mismatch: secure_getenv
>>> defined as () -> i32 in /tmp/emscripten_temp_gv3d3a6b/conftest.o
>>> defined as (i32) -> i32 in /home/ganer/.cache/emscripten/sysroot/lib/wasm32-emscripten/libc-debug.a(secure_getenv.o)
configure:15008: $? = 0
configure:15008: result: yes
configure:15014: checking for strerror
configure:15014: /usr/lib/emscripten/emcc -o conftest -fPIC   conftest.c  >&5
conftest.c:71:6: warning: incompatible redeclaration of library function 'strerror' [-Wincompatible-library-redeclaration]
   71 | char strerror ();
      |      ^
conftest.c:71:6: note: 'strerror' is a builtin with type 'char *(int)'
1 warning generated.
wasm-ld: warning: function signature mismatch: strerror
>>> defined as () -> i32 in /tmp/emscripten_temp_w0kbsxep/conftest.o
>>> defined as (i32) -> i32 in /home/ganer/.cache/emscripten/sysroot/lib/wasm32-emscripten/libc-debug.a(strerror.o)
configure:15014: $? = 0
configure:15014: result: yes
configure:15021: checking for realpath
configure:15040: /usr/lib/emscripten/emcc -o conftest -fPIC   conftest.c  >&5
configure:15040: $? = 0
configure:15042: result: yes
configure:15059: checking for zlib.h
configure:15059: /usr/lib/emscripten/emcc -c -fPIC  conftest.c >&5
conftest.c:85:10: fatal error: 'zlib.h' file not found
   85 | #include <zlib.h>
      |          ^~~~~~~~
1 error generated.
configure:15059: $? = 1
configure: failed program was:
| /* confdefs.h */
| #define PACKAGE_NAME "PCRE2"
| #define PACKAGE_TARNAME "pcre2"
| #define PACKAGE_VERSION "10.46"
| #define PACKAGE_STRING "PCRE2 10.46"
| #define PACKAGE_BUGREPORT ""
| #define PACKAGE_URL ""
| #define PACKAGE "pcre2"
| #define VERSION "10.46"
| #define HAVE_STDIO_H 1
| #define HAVE_STDLIB_H 1
| #define HAVE_STRING_H 1
| #define HAVE_INTTYPES_H 1
| #define HAVE_STDINT_H 1
| #define HAVE_STRINGS_H 1
| #define HAVE_SYS_STAT_H 1
| #define HAVE_SYS_TYPES_H 1
| #define HAVE_UNISTD_H 1
| #define HAVE_WCHAR_H 1
| #define STDC_HEADERS 1
| #define _ALL_SOURCE 1
| #define _DARWIN_C_SOURCE 1
| #define _GNU_SOURCE 1
| #define _HPUX_ALT_XOPEN_SOCKET_API 1
| #define _NETBSD_SOURCE 1
| #define _OPENBSD_SOURCE 1
| #define _POSIX_PTHREAD_SEMANTICS 1
| #define __STDC_WANT_IEC_60559_ATTRIBS_EXT__ 1
| #define __STDC_WANT_IEC_60559_BFP_EXT__ 1
| #define __STDC_WANT_IEC_60559_DFP_EXT__ 1
| #define __STDC_WANT_IEC_60559_FUNCS_EXT__ 1
| #define __STDC_WANT_IEC_60559_TYPES_EXT__ 1
| #define __STDC_WANT_LIB_EXT2__ 1
| #define __STDC_WANT_MATH_SPEC_FUNCS__ 1
| #define _TANDEM_SOURCE 1
| #define __EXTENSIONS__ 1
| #define HAVE_DLFCN_H 1
| #define LT_OBJDIR ".libs/"
| #define PCRE2_EXPORT __attribute__ ((visibility ("default")))
| #define HAVE_VISIBILITY 1
| #define HAVE_ATTRIBUTE_UNINITIALIZED 1
| #define HAVE_BUILTIN_MUL_OVERFLOW 1
| #define HAVE_BUILTIN_UNREACHABLE 1
| #define HAVE_ASSERT_H 1
| #define HAVE_LIMITS_H 1
| #define HAVE_SYS_TYPES_H 1
| #define HAVE_SYS_STAT_H 1
| #define HAVE_DIRENT_H 1
| #define HAVE_SYS_WAIT_H 1
| #define HAVE_BCOPY 1
| #define HAVE_MEMMOVE 1
| #define HAVE_MKOSTEMP 1
| #define HAVE_SECURE_GETENV 1
| #define HAVE_STRERROR 1
| #define HAVE_REALPATH 1
| /* end confdefs.h.  */
| #include <stddef.h>
| #ifdef HAVE_STDIO_H
| # include <stdio.h>
| #endif
| #ifdef HAVE_STDLIB_H
| # include <stdlib.h>
| #endif
| #ifdef HAVE_STRING_H
| # include <string.h>
| #endif
| #ifdef HAVE_INTTYPES_H
| # include <inttypes.h>
| #endif
| #ifdef HAVE_STDINT_H
| # include <stdint.h>
| #endif
| #ifdef HAVE_STRINGS_H
| # include <strings.h>
| #endif
| #ifdef HAVE_SYS_TYPES_H
| # include <sys/types.h>
| #endif
| #ifdef HAVE_SYS_STAT_H
| # include <sys/stat.h>
| #endif
| #ifdef HAVE_UNISTD_H
| # include <unistd.h>
| #endif
| #include <zlib.h>
configure:15059: result: no
configure:15067: checking for gzopen in -lz
configure:15090: /usr/lib/emscripten/emcc -o conftest -fPIC   conftest.c -lz   >&5
wasm-ld: error: unable to find library -lz
emcc: error: '/opt/emscripten-llvm/bin/wasm-ld -o conftest.wasm /tmp/tmph_d6nezmlibemscripten_js_symbols.so -Bstatic --strip-debug --export=emscripten_stack_get_end --export=emscripten_stack_get_free --export=emscripten_stack_get_base --export=emscripten_stack_get_current --export=emscripten_stack_init --export=_emscripten_stack_alloc --export=__funcs_on_exit --export=__wasm_call_ctors --export=_emscripten_stack_restore --export-if-defined=__start_em_asm --export-if-defined=__stop_em_asm --export-if-defined=__start_em_lib_deps --export-if-defined=__stop_em_lib_deps --export-if-defined=__start_em_js --export-if-defined=__stop_em_js --export-if-defined=main --export-if-defined=__main_argc_argv --export-if-defined=fflush --export-table -z stack-size=65536 --no-growable-memory --initial-heap=16777216 --no-entry --stack-first --table-base=1 /tmp/emscripten_temp_8yn6txa1/conftest.o -lz -L/home/ganer/.cache/emscripten/sysroot/lib/wasm32-emscripten -L/usr/lib/emscripten/src/lib -lGL-getprocaddr -lal -lhtml5 -lstubs-debug -lc-debug -ldlmalloc-debug -lcompiler_rt -lc++-debug-noexcept -lc++abi-debug-noexcept -lsockets -mllvm -combiner-global-alias-analysis=false -mllvm -enable-emscripten-sjlj -mllvm -disable-lsr' failed (returned 1)
configure:15090: $? = 1
configure: failed program was:
| /* confdefs.h */
| #define PACKAGE_NAME "PCRE2"
| #define PACKAGE_TARNAME "pcre2"
| #define PACKAGE_VERSION "10.46"
| #define PACKAGE_STRING "PCRE2 10.46"
| #define PACKAGE_BUGREPORT ""
| #define PACKAGE_URL ""
| #define PACKAGE "pcre2"
| #define VERSION "10.46"
| #define HAVE_STDIO_H 1
| #define HAVE_STDLIB_H 1
| #define HAVE_STRING_H 1
| #define HAVE_INTTYPES_H 1
| #define HAVE_STDINT_H 1
| #define HAVE_STRINGS_H 1
| #define HAVE_SYS_STAT_H 1
| #define HAVE_SYS_TYPES_H 1
| #define HAVE_UNISTD_H 1
| #define HAVE_WCHAR_H 1
| #define STDC_HEADERS 1
| #define _ALL_SOURCE 1
| #define _DARWIN_C_SOURCE 1
| #define _GNU_SOURCE 1
| #define _HPUX_ALT_XOPEN_SOCKET_API 1
| #define _NETBSD_SOURCE 1
| #define _OPENBSD_SOURCE 1
| #define _POSIX_PTHREAD_SEMANTICS 1
| #define __STDC_WANT_IEC_60559_ATTRIBS_EXT__ 1
| #define __STDC_WANT_IEC_60559_BFP_EXT__ 1
| #define __STDC_WANT_IEC_60559_DFP_EXT__ 1
| #define __STDC_WANT_IEC_60559_FUNCS_EXT__ 1
| #define __STDC_WANT_IEC_60559_TYPES_EXT__ 1
| #define __STDC_WANT_LIB_EXT2__ 1
| #define __STDC_WANT_MATH_SPEC_FUNCS__ 1
| #define _TANDEM_SOURCE 1
| #define __EXTENSIONS__ 1
| #define HAVE_DLFCN_H 1
| #define LT_OBJDIR ".libs/"
| #define PCRE2_EXPORT __attribute__ ((visibility ("default")))
| #define HAVE_VISIBILITY 1
| #define HAVE_ATTRIBUTE_UNINITIALIZED 1
| #define HAVE_BUILTIN_MUL_OVERFLOW 1
| #define HAVE_BUILTIN_UNREACHABLE 1
| #define HAVE_ASSERT_H 1
| #define HAVE_LIMITS_H 1
| #define HAVE_SYS_TYPES_H 1
| #define HAVE_SYS_STAT_H 1
| #define HAVE_DIRENT_H 1
| #define HAVE_SYS_WAIT_H 1
| #define HAVE_BCOPY 1
| #define HAVE_MEMMOVE 1
| #define HAVE_MKOSTEMP 1
| #define HAVE_SECURE_GETENV 1
| #define HAVE_STRERROR 1
| #define HAVE_REALPATH 1
| /* end confdefs.h.  */
| 
| /* Override any GCC internal prototype to avoid an error.
|    Use char because int might match the return type of a GCC
|    builtin and then its argument prototype would still apply.  */
| char gzopen ();
| int
| main (void)
| {
| return gzopen ();
|   ;
|   return 0;
| }
configure:15100: result: no
configure:15126: checking for bzlib.h
configure:15126: /usr/lib/emscripten/emcc -c -fPIC  conftest.c >&5
conftest.c:85:10: fatal error: 'bzlib.h' file not found
   85 | #include <bzlib.h>
      |          ^~~~~~~~~
1 error generated.
configure:15126: $? = 1
configure: failed program was:
| /* confdefs.h */
| #define PACKAGE_NAME "PCRE2"
| #define PACKAGE_TARNAME "pcre2"
| #define PACKAGE_VERSION "10.46"
| #define PACKAGE_STRING "PCRE2 10.46"
| #define PACKAGE_BUGREPORT ""
| #define PACKAGE_URL ""
| #define PACKAGE "pcre2"
| #define VERSION "10.46"
| #define HAVE_STDIO_H 1
| #define HAVE_STDLIB_H 1
| #define HAVE_STRING_H 1
| #define HAVE_INTTYPES_H 1
| #define HAVE_STDINT_H 1
| #define HAVE_STRINGS_H 1
| #define HAVE_SYS_STAT_H 1
| #define HAVE_SYS_TYPES_H 1
| #define HAVE_UNISTD_H 1
| #define HAVE_WCHAR_H 1
| #define STDC_HEADERS 1
| #define _ALL_SOURCE 1
| #define _DARWIN_C_SOURCE 1
| #define _GNU_SOURCE 1
| #define _HPUX_ALT_XOPEN_SOCKET_API 1
| #define _NETBSD_SOURCE 1
| #define _OPENBSD_SOURCE 1
| #define _POSIX_PTHREAD_SEMANTICS 1
| #define __STDC_WANT_IEC_60559_ATTRIBS_EXT__ 1
| #define __STDC_WANT_IEC_60559_BFP_EXT__ 1
| #define __STDC_WANT_IEC_60559_DFP_EXT__ 1
| #define __STDC_WANT_IEC_60559_FUNCS_EXT__ 1
| #define __STDC_WANT_IEC_60559_TYPES_EXT__ 1
| #define __STDC_WANT_LIB_EXT2__ 1
| #define __STDC_WANT_MATH_SPEC_FUNCS__ 1
| #define _TANDEM_SOURCE 1
| #define __EXTENSIONS__ 1
| #define HAVE_DLFCN_H 1
| #define LT_OBJDIR ".libs/"
| #define PCRE2_EXPORT __attribute__ ((visibility ("default")))
| #define HAVE_VISIBILITY 1
| #define HAVE_ATTRIBUTE_UNINITIALIZED 1
| #define HAVE_BUILTIN_MUL_OVERFLOW 1
| #define HAVE_BUILTIN_UNREACHABLE 1
| #define HAVE_ASSERT_H 1
| #define HAVE_LIMITS_H 1
| #define HAVE_SYS_TYPES_H 1
| #define HAVE_SYS_STAT_H 1
| #define HAVE_DIRENT_H 1
| #define HAVE_SYS_WAIT_H 1
| #define HAVE_BCOPY 1
| #define HAVE_MEMMOVE 1
| #define HAVE_MKOSTEMP 1
| #define HAVE_SECURE_GETENV 1
| #define HAVE_STRERROR 1
| #define HAVE_REALPATH 1
| /* end confdefs.h.  */
| #include <stddef.h>
| #ifdef HAVE_STDIO_H
| # include <stdio.h>
| #endif
| #ifdef HAVE_STDLIB_H
| # include <stdlib.h>
| #endif
| #ifdef HAVE_STRING_H
| # include <string.h>
| #endif
| #ifdef HAVE_INTTYPES_H
| # include <inttypes.h>
| #endif
| #ifdef HAVE_STDINT_H
| # include <stdint.h>
| #endif
| #ifdef HAVE_STRINGS_H
| # include <strings.h>
| #endif
| #ifdef HAVE_SYS_TYPES_H
| # include <sys/types.h>
| #endif
| #ifdef HAVE_SYS_STAT_H
| # include <sys/stat.h>
| #endif
| #ifdef HAVE_UNISTD_H
| # include <unistd.h>
| #endif
| #include <bzlib.h>
configure:15126: result: no
configure:15139: checking for libbz2
configure:15157: /usr/lib/emscripten/emcc -o conftest -fPIC   conftest.c  -lbz2 >&5
conftest.c:64:13: error: call to undeclared function 'BZ2_bzopen'; ISO C99 and later do not support implicit function declarations [-Wimplicit-function-declaration]
   64 | return (int)BZ2_bzopen("conftest", "rb");
      |             ^
1 error generated.
emcc: error: '/opt/emscripten-llvm/bin/clang -target wasm32-unknown-emscripten -fignore-exceptions -fvisibility=default -mllvm -combiner-global-alias-analysis=false -mllvm -enable-emscripten-sjlj -mllvm -disable-lsr --sysroot=/home/ganer/.cache/emscripten/sysroot -Xclang -iwithsysroot/include/fakesdl -Xclang -iwithsysroot/include/compat -fPIC -c conftest.c -o /tmp/emscripten_temp_3oursplp/conftest.o' failed (returned 1)
configure:15157: $? = 1
configure: failed program was:
| /* confdefs.h */
| #define PACKAGE_NAME "PCRE2"
| #define PACKAGE_TARNAME "pcre2"
| #define PACKAGE_VERSION "10.46"
| #define PACKAGE_STRING "PCRE2 10.46"
| #define PACKAGE_BUGREPORT ""
| #define PACKAGE_URL ""
| #define PACKAGE "pcre2"
| #define VERSION "10.46"
| #define HAVE_STDIO_H 1
| #define HAVE_STDLIB_H 1
| #define HAVE_STRING_H 1
| #define HAVE_INTTYPES_H 1
| #define HAVE_STDINT_H 1
| #define HAVE_STRINGS_H 1
| #define HAVE_SYS_STAT_H 1
| #define HAVE_SYS_TYPES_H 1
| #define HAVE_UNISTD_H 1
| #define HAVE_WCHAR_H 1
| #define STDC_HEADERS 1
| #define _ALL_SOURCE 1
| #define _DARWIN_C_SOURCE 1
| #define _GNU_SOURCE 1
| #define _HPUX_ALT_XOPEN_SOCKET_API 1
| #define _NETBSD_SOURCE 1
| #define _OPENBSD_SOURCE 1
| #define _POSIX_PTHREAD_SEMANTICS 1
| #define __STDC_WANT_IEC_60559_ATTRIBS_EXT__ 1
| #define __STDC_WANT_IEC_60559_BFP_EXT__ 1
| #define __STDC_WANT_IEC_60559_DFP_EXT__ 1
| #define __STDC_WANT_IEC_60559_FUNCS_EXT__ 1
| #define __STDC_WANT_IEC_60559_TYPES_EXT__ 1
| #define __STDC_WANT_LIB_EXT2__ 1
| #define __STDC_WANT_MATH_SPEC_FUNCS__ 1
| #define _TANDEM_SOURCE 1
| #define __EXTENSIONS__ 1
| #define HAVE_DLFCN_H 1
| #define LT_OBJDIR ".libs/"
| #define PCRE2_EXPORT __attribute__ ((visibility ("default")))
| #define HAVE_VISIBILITY 1
| #define HAVE_ATTRIBUTE_UNINITIALIZED 1
| #define HAVE_BUILTIN_MUL_OVERFLOW 1
| #define HAVE_BUILTIN_UNREACHABLE 1
| #define HAVE_ASSERT_H 1
| #define HAVE_LIMITS_H 1
| #define HAVE_SYS_TYPES_H 1
| #define HAVE_SYS_STAT_H 1
| #define HAVE_DIRENT_H 1
| #define HAVE_SYS_WAIT_H 1
| #define HAVE_BCOPY 1
| #define HAVE_MEMMOVE 1
| #define HAVE_MKOSTEMP 1
| #define HAVE_SECURE_GETENV 1
| #define HAVE_STRERROR 1
| #define HAVE_REALPATH 1
| /* end confdefs.h.  */
| 
| #ifdef HAVE_BZLIB_H
| #include <bzlib.h>
| #endif
| int
| main (void)
| {
| return (int)BZ2_bzopen("conftest", "rb");
|   ;
|   return 0;
| }
configure:15162: result: no
configure:16663: checking whether Intel CET is enabled
configure:16684: /usr/lib/emscripten/emcc -c -fPIC  conftest.c >&5
conftest.c:78:3: error: CET is not enabled
   78 | # error CET is not enabled
      |   ^
1 error generated.
configure:16684: $? = 1
configure: failed program was:
| /* confdefs.h */
| #define PACKAGE_NAME "PCRE2"
| #define PACKAGE_TARNAME "pcre2"
| #define PACKAGE_VERSION "10.46"
| #define PACKAGE_STRING "PCRE2 10.46"
| #define PACKAGE_BUGREPORT ""
| #define PACKAGE_URL ""
| #define PACKAGE "pcre2"
| #define VERSION "10.46"
| #define HAVE_STDIO_H 1
| #define HAVE_STDLIB_H 1
| #define HAVE_STRING_H 1
| #define HAVE_INTTYPES_H 1
| #define HAVE_STDINT_H 1
| #define HAVE_STRINGS_H 1
| #define HAVE_SYS_STAT_H 1
| #define HAVE_SYS_TYPES_H 1
| #define HAVE_UNISTD_H 1
| #define HAVE_WCHAR_H 1
| #define STDC_HEADERS 1
| #define _ALL_SOURCE 1
| #define _DARWIN_C_SOURCE 1
| #define _GNU_SOURCE 1
| #define _HPUX_ALT_XOPEN_SOCKET_API 1
| #define _NETBSD_SOURCE 1
| #define _OPENBSD_SOURCE 1
| #define _POSIX_PTHREAD_SEMANTICS 1
| #define __STDC_WANT_IEC_60559_ATTRIBS_EXT__ 1
| #define __STDC_WANT_IEC_60559_BFP_EXT__ 1
| #define __STDC_WANT_IEC_60559_DFP_EXT__ 1
| #define __STDC_WANT_IEC_60559_FUNCS_EXT__ 1
| #define __STDC_WANT_IEC_60559_TYPES_EXT__ 1
| #define __STDC_WANT_LIB_EXT2__ 1
| #define __STDC_WANT_MATH_SPEC_FUNCS__ 1
| #define _TANDEM_SOURCE 1
| #define __EXTENSIONS__ 1
| #define HAVE_DLFCN_H 1
| #define LT_OBJDIR ".libs/"
| #define PCRE2_EXPORT __attribute__ ((visibility ("default")))
| #define HAVE_VISIBILITY 1
| #define HAVE_ATTRIBUTE_UNINITIALIZED 1
| #define HAVE_BUILTIN_MUL_OVERFLOW 1
| #define HAVE_BUILTIN_UNREACHABLE 1
| #define HAVE_ASSERT_H 1
| #define HAVE_LIMITS_H 1
| #define HAVE_SYS_TYPES_H 1
| #define HAVE_SYS_STAT_H 1
| #define HAVE_DIRENT_H 1
| #define HAVE_SYS_WAIT_H 1
| #define HAVE_BCOPY 1
| #define HAVE_MEMMOVE 1
| #define HAVE_MKOSTEMP 1
| #define HAVE_SECURE_GETENV 1
| #define HAVE_STRERROR 1
| #define HAVE_REALPATH 1
| #define PCRE2_STATIC 1
| #define SUPPORT_PCRE2_8 /**/
| #define SUPPORT_PCRE2GREP_CALLOUT_FORK /**/
| #define SUPPORT_PCRE2GREP_CALLOUT /**/
| #define SUPPORT_UNICODE /**/
| #define PCRE2GREP_BUFSIZE 20480
| #define PCRE2GREP_MAX_BUFSIZE 1048576
| #define NEWLINE_DEFAULT 2
| #define LINK_SIZE 2
| #define MAX_VARLOOKBEHIND 255
| #define PARENS_NEST_LIMIT 250
| #define MATCH_LIMIT 10000000
| #define MATCH_LIMIT_DEPTH MATCH_LIMIT
| #define HEAP_LIMIT 20000000
| #define MAX_NAME_SIZE 128
| #define MAX_NAME_COUNT 10000
| /* end confdefs.h.  */
| 
| int
| main (void)
| {
| #ifndef __CET__
| # error CET is not enabled
| #endif
|   ;
|   return 0;
| }
configure:16691: result: no
configure:16831: checking that generated files are newer than configure
configure:16837: result: done
configure:16904: creating ./config.status

## ---------------------- ##
## Running config.status. ##
## ---------------------- ##

This file was extended by PCRE2 config.status 10.46, which was
generated by GNU Autoconf 2.71.  Invocation command line was

  CONFIG_FILES    = 
  CONFIG_HEADERS  = 
  CONFIG_LINKS    = 
  CONFIG_COMMANDS = 
  $ ./config.status 

on GanerPC

config.status:1201: creating Makefile
config.status:1201: creating libpcre2-8.pc
config.status:1201: creating libpcre2-16.pc
config.status:1201: creating libpcre2-32.pc
config.status:1201: creating libpcre2-posix.pc
config.status:1201: creating pcre2-config
config.status:1201: creating src/pcre2.h
config.status:1201: creating src/config.h
config.status:1382: src/config.h is unchanged
config.status:1430: executing depfiles commands
config.status:1505: cd .       && sed -e '/# am--include-marker/d' Makefile         | make -f - am--depfiles
make: Nothing to be done for 'am--depfiles'.
config.status:1512: $? = 0
config.status:1430: executing libtool commands
config.status:1430: executing script-chmod commands
config.status:1430: executing delete-old-chartables commands

## ---------------- ##
## Cache variables. ##
## ---------------- ##

ac_cv_build=x86_64-pc-linux-gnu
ac_cv_c_compiler_gnu=yes
ac_cv_c_const=yes
ac_cv_c_int64_t=yes
ac_cv_env_CC_set=set
ac_cv_env_CC_value=/usr/lib/emscripten/emcc
ac_cv_env_CFLAGS_set=set
ac_cv_env_CFLAGS_value=-fPIC
ac_cv_env_CPPFLAGS_set=
ac_cv_env_CPPFLAGS_value=
ac_cv_env_GENHTML_set=
ac_cv_env_GENHTML_value=
ac_cv_env_LCOV_set=
ac_cv_env_LCOV_value=
ac_cv_env_LDFLAGS_set=
ac_cv_env_LDFLAGS_value=
ac_cv_env_LIBS_set=
ac_cv_env_LIBS_value=
ac_cv_env_LT_SYS_LIBRARY_PATH_set=
ac_cv_env_LT_SYS_LIBRARY_PATH_value=
ac_cv_env_PKG_CONFIG_LIBDIR_set=set
ac_cv_env_PKG_CONFIG_LIBDIR_value=/home/ganer/.cache/emscripten/sysroot/local/lib/pkgconfig:/home/ganer/.cache/emscripten/sysroot/lib/pkgconfig
ac_cv_env_PKG_CONFIG_PATH_set=set
ac_cv_env_PKG_CONFIG_PATH_value=
ac_cv_env_PKG_CONFIG_set=
ac_cv_env_PKG_CONFIG_value=
ac_cv_env_VALGRIND_CFLAGS_set=
ac_cv_env_VALGRIND_CFLAGS_value=
ac_cv_env_VALGRIND_LIBS_set=
ac_cv_env_VALGRIND_LIBS_value=
ac_cv_env_build_alias_set=
ac_cv_env_build_alias_value=
ac_cv_env_host_alias_set=
ac_cv_env_host_alias_value=
ac_cv_env_target_alias_set=
ac_cv_env_target_alias_value=
ac_cv_func_bcopy=yes
ac_cv_func_memfd_create=no
ac_cv_func_memmove=yes
ac_cv_func_mkostemp=yes
ac_cv_func_secure_getenv=yes
ac_cv_func_strerror=yes
ac_cv_header_assert_h=yes
ac_cv_header_bzlib_h=no
ac_cv_header_dirent_h=yes
ac_cv_header_dlfcn_h=yes
ac_cv_header_inttypes_h=yes
ac_cv_header_limits_h=yes
ac_cv_header_minix_config_h=no
ac_cv_header_stdint_h=yes
ac_cv_header_stdio_h=yes
ac_cv_header_stdlib_h=yes
ac_cv_header_string_h=yes
ac_cv_header_strings_h=yes
ac_cv_header_sys_stat_h=yes
ac_cv_header_sys_types_h=yes
ac_cv_header_sys_wait_h=yes
ac_cv_header_unistd_h=yes
ac_cv_header_wchar_h=yes
ac_cv_header_windows_h=no
ac_cv_header_zlib_h=no
ac_cv_host=x86_64-pc-linux-gnu
ac_cv_lib_z_gzopen=no
ac_cv_objext=o
ac_cv_path_EGREP='/usr/bin/grep -E'
ac_cv_path_FGREP='/usr/bin/grep -F'
ac_cv_path_GREP=/usr/bin/grep
ac_cv_path_SED=/usr/bin/sed
ac_cv_path_install='/usr/bin/install -c'
ac_cv_path_lt_DD=/usr/bin/dd
ac_cv_path_mkdir=/usr/bin/mkdir
ac_cv_prog_AWK=gawk
ac_cv_prog_ac_ct_CC=/usr/lib/emscripten/emcc
ac_cv_prog_ac_ct_FILECMD=file
ac_cv_prog_ac_ct_OBJDUMP=objdump
ac_cv_prog_ac_ct_RANLIB=/usr/lib/emscripten/emranlib
ac_cv_prog_ac_ct_STRIP=strip
ac_cv_prog_cc_c11=
ac_cv_prog_cc_g=yes
ac_cv_prog_cc_stdc=
ac_cv_prog_make_make_set=yes
ac_cv_safe_to_define___extensions__=yes
ac_cv_should_define__xopen_source=no
ac_cv_sys_file_offset_bits=no
ac_cv_sys_largefile_CC=no
ac_cv_type_size_t=yes
am_cv_CC_dependencies_compiler_type=gcc3
am_cv_ar_interface=ar
am_cv_make_support_nested_variables=yes
am_cv_prog_cc_c_o=yes
lt_cv_ar_at_file=@
lt_cv_deplibs_check_method=pass_all
lt_cv_file_magic_cmd='$MAGIC_CMD'
lt_cv_file_magic_test_file=
lt_cv_ld_reload_flag=-r
lt_cv_nm_interface='BSD nm'
lt_cv_objdir=.libs
lt_cv_path_LD=/usr/lib/emscripten/emcc
lt_cv_path_NM=/opt/emscripten-llvm/bin/llvm-nm
lt_cv_path_mainfest_tool=no
lt_cv_prog_compiler_c_o=yes
lt_cv_prog_compiler_pic='-fPIC -DPIC'
lt_cv_prog_compiler_pic_works=yes
lt_cv_prog_compiler_rtti_exceptions=yes
lt_cv_prog_compiler_static_works=yes
lt_cv_prog_gnu_ld=yes
lt_cv_sharedlib_from_linklib_cmd='printf %s\n'
lt_cv_shlibpath_overrides_runpath=no
lt_cv_sys_global_symbol_pipe='/usr/bin/sed -n -e '\''s/^.*[	 ]\([ABCDGIRSTW][ABCDGIRSTW]*\)[	 ][	 ]*\([_A-Za-z][_A-Za-z0-9]*\)$/\1 \2 \2/p'\'' | /usr/bin/sed '\''/ __gnu_lto/d'\'''
lt_cv_sys_global_symbol_to_c_name_address='/usr/bin/sed -n -e '\''s/^: \(.*\) .*$/  {"\1", (void *) 0},/p'\'' -e '\''s/^[ABCDGIRSTW][ABCDGIRSTW]* .* \(.*\)$/  {"\1", (void *) \&\1},/p'\'''
lt_cv_sys_global_symbol_to_c_name_address_lib_prefix='/usr/bin/sed -n -e '\''s/^: \(.*\) .*$/  {"\1", (void *) 0},/p'\'' -e '\''s/^[ABCDGIRSTW][ABCDGIRSTW]* .* \(lib.*\)$/  {"\1", (void *) \&\1},/p'\'' -e '\''s/^[ABCDGIRSTW][ABCDGIRSTW]* .* \(.*\)$/  {"lib\1", (void *) \&\1},/p'\'''
lt_cv_sys_global_symbol_to_cdecl='/usr/bin/sed -n -e '\''s/^T .* \(.*\)$/extern int \1();/p'\'' -e '\''s/^[ABCDGIRSTW][ABCDGIRSTW]* .* \(.*\)$/extern char \1;/p'\'''
lt_cv_sys_global_symbol_to_import=
lt_cv_sys_max_cmd_len=1572864
lt_cv_to_host_file_cmd=func_convert_file_noop
lt_cv_to_tool_file_cmd=func_convert_file_noop
lt_cv_truncate_bin='/usr/bin/dd bs=4096 count=1'
pcre2_cc_cv_attribute_uninitialized=yes
pcre2_cc_cv_builtin_assume=no
pcre2_cc_cv_builtin_mul_overflow=yes
pcre2_cc_cv_builtin_unreachable=yes
pcre2_cc_cv_intel_cet_enabled=no
pcre2_cv_cc_vis_werror=yes
pcre2_cv_cc_visibility=yes

## ----------------- ##
## Output variables. ##
## ----------------- ##

ACLOCAL='${SHELL} '\''/home/ganer/Projects/moon/Libraries/peggle3/build/pcre2-wasm/pcre2-10.46/missing'\'' aclocal-1.16'
AMDEPBACKSLASH='\'
AMDEP_FALSE='#'
AMDEP_TRUE=''
AMTAR='$${TAR-tar}'
AM_BACKSLASH='\'
AM_DEFAULT_V='$(AM_DEFAULT_VERBOSITY)'
AM_DEFAULT_VERBOSITY='0'
AM_V='$(V)'
AR='/usr/lib/emscripten/emar'
AS='as'
AUTOCONF='${SHELL} '\''/home/ganer/Projects/moon/Libraries/peggle3/build/pcre2-wasm/pcre2-10.46/missing'\'' autoconf'
AUTOHEADER='${SHELL} '\''/home/ganer/Projects/moon/Libraries/peggle3/build/pcre2-wasm/pcre2-10.46/missing'\'' autoheader'
AUTOMAKE='${SHELL} '\''/home/ganer/Projects/moon/Libraries/peggle3/build/pcre2-wasm/pcre2-10.46/missing'\'' automake-1.16'
AWK='gawk'
CC='/usr/lib/emscripten/emcc'
CCDEPMODE='depmode=gcc3'
CET_CFLAGS=''
CFLAGS='-fPIC'
CPPFLAGS=''
CSCOPE='cscope'
CTAGS='ctags'
CYGPATH_W='echo'
DEFS='-DHAVE_CONFIG_H'
DEPDIR='.deps'
DISTCHECK_CONFIGURE_FLAGS='CFLAGS='\'''\'' CXXFLAGS='\'''\'' --enable-pcre2-16 --enable-pcre2-32 --enable-jit'
DLLTOOL='false'
DSYMUTIL=''
DUMPBIN=''
ECHO_C=''
ECHO_N='-n'
ECHO_T=''
EGREP='/usr/bin/grep -E'
ETAGS='etags'
EXEEXT=''
EXTRA_LIBPCRE2_16_LDFLAGS='    -version-info 14:0:14'
EXTRA_LIBPCRE2_32_LDFLAGS='    -version-info 14:0:14'
EXTRA_LIBPCRE2_8_LDFLAGS='    -version-info 14:0:14'
EXTRA_LIBPCRE2_POSIX_LDFLAGS='    -version-info 3:6:0'
FGREP='/usr/bin/grep -F'
FILECMD='file'
GCOV_CFLAGS=''
GCOV_CXXFLAGS=''
GCOV_LIBS=''
GENHTML=''
GREP='/usr/bin/grep'
HAVE_VISIBILITY='1'
INSTALL_DATA='${INSTALL} -m 644'
INSTALL_PROGRAM='${INSTALL}'
INSTALL_SCRIPT='${INSTALL}'
INSTALL_STRIP_PROGRAM='$(install_sh) -c -s'
LCOV=''
LD='/usr/lib/emscripten/emcc'
LDFLAGS=''
LIBBZ2=''
LIBOBJS=''
LIBREADLINE=''
LIBS=''
LIBTOOL='$(SHELL) $(top_builddir)/libtool'
LIBZ=''
LIB_POSTFIX=''
LIPO=''
LN_S='ln -s'
LTLIBOBJS=''
LT_SYS_LIBRARY_PATH=''
MAINT='#'
MAINTAINER_MODE_FALSE=''
MAINTAINER_MODE_TRUE='#'
MAKEINFO='${SHELL} '\''/home/ganer/Projects/moon/Libraries/peggle3/build/pcre2-wasm/pcre2-10.46/missing'\'' makeinfo'
MANIFEST_TOOL=':'
MKDIR_P='/usr/bin/mkdir -p'
NM='/opt/emscripten-llvm/bin/llvm-nm'
NMEDIT=''
OBJDUMP='objdump'
OBJEXT='o'
OTOOL64=''
OTOOL=''
PACKAGE='pcre2'
PACKAGE_BUGREPORT=''
PACKAGE_NAME='PCRE2'
PACKAGE_STRING='PCRE2 10.46'
PACKAGE_TARNAME='pcre2'
PACKAGE_URL=''
PACKAGE_VERSION='10.46'
PATH_SEPARATOR=':'
PCRE2POSIX_CFLAG=''
PCRE2_DATE='2025-08-27'
PCRE2_MAJOR='10'
PCRE2_MINOR='46'
PCRE2_PRERELEASE=''
PCRE2_STATIC_CFLAG='-DPCRE2_STATIC'
PKG_CONFIG=''
PKG_CONFIG_LIBDIR='/home/ganer/.cache/emscripten/sysroot/local/lib/pkgconfig:/home/ganer/.cache/emscripten/sysroot/lib/pkgconfig'
PKG_CONFIG_PATH=''
PTHREAD_CC=''
PTHREAD_CFLAGS=''
PTHREAD_LIBS=''
RANLIB='/usr/lib/emscripten/emranlib'
SED='/usr/bin/sed'
SET_MAKE=''
SHELL='/bin/sh'
SHTOOL=''
STRIP='strip'
VALGRIND_CFLAGS=''
VALGRIND_LIBS=''
VERSION='10.46'
VISIBILITY_CFLAGS='-fvisibility=hidden'
WITH_DIFF_FUZZ_SUPPORT_FALSE=''
WITH_DIFF_FUZZ_SUPPORT_TRUE='#'
WITH_FUZZ_SUPPORT_FALSE=''
WITH_FUZZ_SUPPORT_TRUE='#'
WITH_GCOV_FALSE=''
WITH_GCOV_TRUE='#'
WITH_JIT_FALSE=''
WITH_JIT_TRUE='#'
WITH_PCRE2_16_FALSE=''
WITH_PCRE2_16_TRUE='#'
WITH_PCRE2_32_FALSE=''
WITH_PCRE2_32_TRUE='#'
WITH_PCRE2_8_FALSE='#'
WITH_PCRE2_8_TRUE=''
WITH_REBUILD_CHARTABLES_FALSE=''
WITH_REBUILD_CHARTABLES_TRUE='#'
WITH_UNICODE_FALSE='#'
WITH_UNICODE_TRUE=''
WITH_VALGRIND_FALSE=''
WITH_VALGRIND_TRUE='#'
ac_ct_AR=''
ac_ct_CC='/usr/lib/emscripten/emcc'
ac_ct_DUMPBIN=''
am__EXEEXT_FALSE=''
am__EXEEXT_TRUE='#'
am__fastdepCC_FALSE='#'
am__fastdepCC_TRUE=''
am__include='include'
am__isrc=''
am__leading_dot='.'
am__nodep='_no'
am__quote=''
am__tar='$${TAR-tar} chof - "$$tardir"'
am__untar='$${TAR-tar} xf -'
ax_pthread_config=''
bindir='${exec_prefix}/bin'
build='x86_64-pc-linux-gnu'
build_alias=''
build_cpu='x86_64'
build_os='linux-gnu'
build_vendor='pc'
datadir='${datarootdir}'
datarootdir='${prefix}/share'
docdir='${datarootdir}/doc/${PACKAGE_TARNAME}'
dvidir='${docdir}'
enable_pcre2_16='no'
enable_pcre2_32='no'
enable_pcre2_8='yes'
exec_prefix='${prefix}'
host='x86_64-pc-linux-gnu'
host_alias=''
host_cpu='x86_64'
host_os='linux-gnu'
host_vendor='pc'
htmldir='${docdir}/html'
includedir='${prefix}/include'
infodir='${datarootdir}/info'
install_sh='${SHELL} /home/ganer/Projects/moon/Libraries/peggle3/build/pcre2-wasm/pcre2-10.46/install-sh'
libdir='${exec_prefix}/lib'
libexecdir='${exec_prefix}/libexec'
localedir='${datarootdir}/locale'
localstatedir='${prefix}/var'
mandir='${datarootdir}/man'
mkdir_p='$(MKDIR_P)'
oldincludedir='/usr/include'
pdfdir='${docdir}'
prefix='/home/ganer/Projects/moon/Libraries/peggle3/build/pcre2-wasm/build'
program_transform_name='s,x,x,'
psdir='${docdir}'
runstatedir='${localstatedir}/run'
sbindir='${exec_prefix}/sbin'
sharedstatedir='${prefix}/com'
sysconfdir='${prefix}/etc'
target_alias=''

## ----------- ##
## confdefs.h. ##
## ----------- ##

/* confdefs.h */
#define PACKAGE_NAME "PCRE2"
#define PACKAGE_TARNAME "pcre2"
#define PACKAGE_VERSION "10.46"
#define PACKAGE_STRING "PCRE2 10.46"
#define PACKAGE_BUGREPORT ""
#define PACKAGE_URL ""
#define PACKAGE "pcre2"
#define VERSION "10.46"
#define HAVE_STDIO_H 1
#define HAVE_STDLIB_H 1
#define HAVE_STRING_H 1
#define HAVE_INTTYPES_H 1
#define HAVE_STDINT_H 1
#define HAVE_STRINGS_H 1
#define HAVE_SYS_STAT_H 1
#define HAVE_SYS_TYPES_H 1
#define HAVE_UNISTD_H 1
#define HAVE_WCHAR_H 1
#define STDC_HEADERS 1
#define _ALL_SOURCE 1
#define _DARWIN_C_SOURCE 1
#define _GNU_SOURCE 1
#define _HPUX_ALT_XOPEN_SOCKET_API 1
#define _NETBSD_SOURCE 1
#define _OPENBSD_SOURCE 1
#define _POSIX_PTHREAD_SEMANTICS 1
#define __STDC_WANT_IEC_60559_ATTRIBS_EXT__ 1
#define __STDC_WANT_IEC_60559_BFP_EXT__ 1
#define __STDC_WANT_IEC_60559_DFP_EXT__ 1
#define __STDC_WANT_IEC_60559_FUNCS_EXT__ 1
#define __STDC_WANT_IEC_60559_TYPES_EXT__ 1
#define __STDC_WANT_LIB_EXT2__ 1
#define __STDC_WANT_MATH_SPEC_FUNCS__ 1
#define _TANDEM_SOURCE 1
#define __EXTENSIONS__ 1
#define HAVE_DLFCN_H 1
#define LT_OBJDIR ".libs/"
#define PCRE2_EXPORT __attribute__ ((visibility ("default")))
#define HAVE_VISIBILITY 1
#define HAVE_ATTRIBUTE_UNINITIALIZED 1
#define HAVE_BUILTIN_MUL_OVERFLOW 1
#define HAVE_BUILTIN_UNREACHABLE 1
#define HAVE_ASSERT_H 1
#define HAVE_LIMITS_H 1
#define HAVE_SYS_TYPES_H 1
#define HAVE_SYS_STAT_H 1
#define HAVE_DIRENT_H 1
#define HAVE_SYS_WAIT_H 1
#define HAVE_BCOPY 1
#define HAVE_MEMMOVE 1
#define HAVE_MKOSTEMP 1
#define HAVE_SECURE_GETENV 1
#define HAVE_STRERROR 1
#define HAVE_REALPATH 1
#define PCRE2_STATIC 1
#define SUPPORT_PCRE2_8 /**/
#define SUPPORT_PCRE2GREP_CALLOUT_FORK /**/
#define SUPPORT_PCRE2GREP_CALLOUT /**/
#define SUPPORT_UNICODE /**/
#define PCRE2GREP_BUFSIZE 20480
#define PCRE2GREP_MAX_BUFSIZE 1048576
#define NEWLINE_DEFAULT 2
#define LINK_SIZE 2
#define MAX_VARLOOKBEHIND 255
#define PARENS_NEST_LIMIT 250
#define MATCH_LIMIT 10000000
#define MATCH_LIMIT_DEPTH MATCH_LIMIT
#define HEAP_LIMIT 20000000
#define MAX_NAME_SIZE 128
#define MAX_NAME_COUNT 10000

configure: exit 0
